
== 一、建筑表 ==

== 二、建材层级铁律（防死锁） ==

== 三、科技树 ==

== 四、材料表与星球表 ==

== 五、燃料与货币 ==

== 六、舰船部件表 ==

== 七、蓝图评估与飞船物理 ==

== 八、施工门槛（v0.0.4 硬门槛） ==

== 九、人力与幸福度公式 ==

== 十、状态与存档往返（模拟刷新） ==
     开局：100 人 / 泥土石头各 200 / 口粮三件各 500（够 20.8 分钟）

== 十一、版本号单一来源 ==

== 十二、v0.0.5 营养代谢：一吃五出 ==

== 十三、v0.0.5 建筑工位池（一座建筑内可有多个工种） ==

== 十四、v0.0.5 只显示可分配岗位 ==

== 十五、v0.0.5 采集扣星球储藏 && 建筑建造 ==

== 十六、v0.0.5 船坞工门槛（舰队接入人力） ==

== 十七、v0.0.51 房屋与庇护 ==

== 十八、v0.0.51 人口变化速率（不再几秒翻一番） ==
     挂机 1 小时人口增幅: 9.02%
     最惨 1 小时人口降幅: 10.37%

== 十九、v0.0.51 删除存档（不再失效、不再串档） ==

== 二十、v0.0.51 离线模式文案 ==

== 二十一、v0.0.52 研究真正扣点 ==

== 二十二、v0.0.52 开局采集速率（不再是 0） ==
     81 人（可用 81）采石头速率: 1.083375 /秒
     1 分钟采到: 65 个石头

== 二十三、v0.0.52 连续生育率（低幸福度放缓 / 倒扣） ==
     1 小时后  满庇护 H=0.90 → 9.0%   无庇护 H=0.75 → 5.7%   断粮   H=0.25 → -9.5%

== 二十四、v0.0.52 休息消耗改小 ==
     1000 人 + 1e5 氧气可撑: 6.9 小时

========================
通过 1356 项，失败 0 项
全部通过
